RUNTIME ERROR: expected string result, got: null
	During manifestation	
