RUNTIME ERROR: function has no parameter x
	Top-level function	
