{
   "foo": 3,
   "bar": 6,
   "baz": "The value 6 is large.",
   "word": "horse",
   "fmt1": "The word horse has 5 letters.",
   "fmt2": "The word horse has 5 letters.  Go horse!",
   "array": [1, 2, 3, 4],
   "obj": {"a": 1, "b": 3, "c": 4},
   "obj_member": true,
   "equality": false,
   "multiline_string": "1\n2\n3\n",
   "multiline_string_fmt": "foo = 3\nbar = 6\n"
}
