[
   {
      "[ ] < [ ]": false,
      "[ ] <= [ ]": true,
      "[ ] > [ ]": false,
      "[ ] >= [ ]": true
   },
   {
      "[ ] < [1, 2]": true,
      "[ ] <= [1, 2]": true,
      "[ ] > [1, 2]": false,
      "[ ] >= [1, 2]": false
   },
   {
      "[ ] < [1, 2, 3]": true,
      "[ ] <= [1, 2, 3]": true,
      "[ ] > [1, 2, 3]": false,
      "[ ] >= [1, 2, 3]": false
   },
   {
      "[ ] < [2, 3]": true,
      "[ ] <= [2, 3]": true,
      "[ ] > [2, 3]": false,
      "[ ] >= [2, 3]": false
   },
   {
      "[1, 2] < [ ]": false,
      "[1, 2] <= [ ]": false,
      "[1, 2] > [ ]": true,
      "[1, 2] >= [ ]": true
   },
   {
      "[1, 2] < [1, 2]": false,
      "[1, 2] <= [1, 2]": true,
      "[1, 2] > [1, 2]": false,
      "[1, 2] >= [1, 2]": true
   },
   {
      "[1, 2] < [1, 2, 3]": true,
      "[1, 2] <= [1, 2, 3]": true,
      "[1, 2] > [1, 2, 3]": false,
      "[1, 2] >= [1, 2, 3]": false
   },
   {
      "[1, 2] < [2, 3]": true,
      "[1, 2] <= [2, 3]": true,
      "[1, 2] > [2, 3]": false,
      "[1, 2] >= [2, 3]": false
   },
   {
      "[1, 2, 3] < [ ]": false,
      "[1, 2, 3] <= [ ]": false,
      "[1, 2, 3] > [ ]": true,
      "[1, 2, 3] >= [ ]": true
   },
   {
      "[1, 2, 3] < [1, 2]": false,
      "[1, 2, 3] <= [1, 2]": false,
      "[1, 2, 3] > [1, 2]": true,
      "[1, 2, 3] >= [1, 2]": true
   },
   {
      "[1, 2, 3] < [1, 2, 3]": false,
      "[1, 2, 3] <= [1, 2, 3]": true,
      "[1, 2, 3] > [1, 2, 3]": false,
      "[1, 2, 3] >= [1, 2, 3]": true
   },
   {
      "[1, 2, 3] < [2, 3]": true,
      "[1, 2, 3] <= [2, 3]": true,
      "[1, 2, 3] > [2, 3]": false,
      "[1, 2, 3] >= [2, 3]": false
   },
   {
      "[2, 3] < [ ]": false,
      "[2, 3] <= [ ]": false,
      "[2, 3] > [ ]": true,
      "[2, 3] >= [ ]": true
   },
   {
      "[2, 3] < [1, 2]": false,
      "[2, 3] <= [1, 2]": false,
      "[2, 3] > [1, 2]": true,
      "[2, 3] >= [1, 2]": true
   },
   {
      "[2, 3] < [1, 2, 3]": false,
      "[2, 3] <= [1, 2, 3]": false,
      "[2, 3] > [1, 2, 3]": true,
      "[2, 3] >= [1, 2, 3]": true
   },
   {
      "[2, 3] < [2, 3]": false,
      "[2, 3] <= [2, 3]": true,
      "[2, 3] > [2, 3]": false,
      "[2, 3] >= [2, 3]": true
   }
]
