RUNTIME ERROR: cannot test equality of functions
	std.jsonnet:1198:9-34	function <anonymous>
	error.equality_function.jsonnet:17:1-33	
