STATIC ERROR: error.parse.string_multi_no_newline.jsonnet:17:1: text block syntax requires new line after |||.
