RUNTIME ERROR: my error message
	error.invariant.simple2.jsonnet:18:19-37	thunk <object_assert>
	During manifestation	
