STATIC ERROR: error.parse.import_text_block.jsonnet:(17:8)-(20:3): Cannot use text blocks in import statements.
