RUNTIME ERROR: Assertion failed. 1 != 2
	std.jsonnet:758:7-50	function <anonymous>
	error.sanity.jsonnet:17:1-22	
