RUNTIME ERROR: overflow
	error.overflow.jsonnet:17:1-6	
