STATIC ERROR: error.parse.array_comma.jsonnet:17:7: expected a comma before next array element.
