RUNTIME ERROR: max stack frames exceeded.
	error.function_infinite_default.jsonnet:17:12	thunk <x>
	error.function_infinite_default.jsonnet:17:17	thunk <y>
	error.function_infinite_default.jsonnet:17:12	thunk <x>
	error.function_infinite_default.jsonnet:17:17	thunk <y>
	error.function_infinite_default.jsonnet:17:12	thunk <x>
	error.function_infinite_default.jsonnet:17:17	thunk <y>
	error.function_infinite_default.jsonnet:17:12	thunk <x>
	error.function_infinite_default.jsonnet:17:17	thunk <y>
	error.function_infinite_default.jsonnet:17:12	thunk <x>
	error.function_infinite_default.jsonnet:17:17	thunk <y>
	...
	error.function_infinite_default.jsonnet:17:17	thunk <y>
	error.function_infinite_default.jsonnet:17:12	thunk <x>
	error.function_infinite_default.jsonnet:17:17	thunk <y>
	error.function_infinite_default.jsonnet:17:12	thunk <x>
	error.function_infinite_default.jsonnet:17:17	thunk <y>
	error.function_infinite_default.jsonnet:17:12	thunk <x>
	error.function_infinite_default.jsonnet:17:17	thunk <y>
	error.function_infinite_default.jsonnet:17:12	thunk <x>
	error.function_infinite_default.jsonnet:17:20	function <top_level>
	Top-level function	
