STATIC ERROR: error.parse.string.invalid_escape.jsonnet:17:1-5: Unknown escape sequence in string literal: 'o'
