RUNTIME ERROR: Couldn't open import "C:\can't possibly exist~": No match locally or in the Jsonnet library paths.
	error.verbatim_import.jsonnet:22:1-35	
