STATIC ERROR: error.parse.text_block_eof.jsonnet:17:1: unexpected EOF
