RUNTIME ERROR: In comprehension, can only iterate over array.
	error.comprehension_spec_object2.jsonnet:17:1-32	
