STATIC ERROR: error.parse.object_comma.jsonnet:17:11: expected a comma before next field.
