RUNTIME ERROR: foo
	error.04.jsonnet:17:21-32	object <anonymous>
	During manifestation	
