STATIC ERROR: error.parse.text_block_not_terminated.jsonnet:17:1: text block not terminated with |||
