{
   "volumeMounts": [
      {
         "mountPath": "/box/deployment-config",
         "name": "deployment-config"
      }
   ]
}
