{
   "a": 0,
   "b": 0,
   "c": 1,
   "d": 42,
   "e": 58,
   "f": 78,
   "g": 94,
   "h": 6.5,
   "i": 7.50390625,
   "j": 8.5390625,
   "k": 9.5390625,
   "l": 10.5546875,
   "m": 14.5546875,
   "n": 1008,
   "o": 2768,
   "p": 0.7421875,
   "q": 764.5,
   "r": 3234,
   "s": 0.85595703125,
   "t": 225408,
   "u": 452864,
   "v": 0.062042236328125,
   "w": 510.25,
   "x": 31.890625,
   "y": 0.498291015625
}
