local a = import "a.jsonnet";  # A comment.
local b = import "b.jsonnet";  # B comment.

local /* aaa */ a = import "a.jsonnet";  # A comment.
local /* bbb */ b = import "b.jsonnet";  # B comment.

local /* aaa */ a = import "a.jsonnet";  # A comment.
local
    /* bbb
       bbb
       bbb */
    b = import "b.jsonnet";  # B comment.

// semi-ok...
local
    /* aaa
       aaa
       aaa */
    a = import "a.jsonnet";  # A comment.
local /* bbb */ b = import "b.jsonnet";  # B comment.

// We don't really support that, it's going to be messy.
// There's an endline inserted before any paragraph comment.
local
    /* B comment.
    bbb
    bbb
    bbb */
    a = import "a.jsonnet";  # A comment.
local b = import "b.jsonnet"; /* BBB */

// The example above is equivalent to this one, due to fodder representation constraints.
local
    /* B comment.
    bbb
    bbb
    bbb */
    a = import "a.jsonnet";  # A comment.
local b = import "b.jsonnet"; /* BBB */
true
