// We sort by filename, variable name doesn't matter
local c = import 'x.jsonnet';
local b = import 'y.jsonnet';
local a = import 'z.jsonnet';
true
